// Vitest Snapshot v1, https://vitest.dev/guide/snapshot.html

exports[`deep merge with overlaps 1`] = `
{
  "accounts": {
    "github": "unkown",
    "twitter": "gtoborges_",
  },
  "name": "Augusto",
}
`;
